// Jest Snapshot v1, https://goo.gl/fbAQLP

exports[`App matches snapshot 1`] = `
<DocumentFragment>
  <div
    class="App"
  >
    <div
      class="Jobly"
    >
      <nav
        class="navbar navbar-expand-md fixed-top"
      >
        <div
          class="container-fluid"
        >
          <a
            aria-current="page"
            class="navbar-brand active"
            href="/"
          >
            Jobly
          </a>
          <ul
            class="ml-auto nav-grid navbar-nav"
          >
            <li
              class="nav-item"
            >
              <a
                class=""
                href="/login"
              >
                Log in
              </a>
            </li>
            <li
              class="nav-item"
            >
              <a
                class=""
                href="/signup"
              >
                Sign up
              </a>
            </li>
          </ul>
        </div>
      </nav>
      <div
        class="homepage my-auto"
      >
        <div
          class="container text-center"
        >
          <h1>
            Jobly!
          </h1>
          <p>
            All the jobs in one, convenient place.
          </p>
          <div>
            <button
              class="btn btn-primary fw-bold me-3 col-2"
            >
              Log in
            </button>
            <button
              class="btn btn-primary fw-bold col-2"
            >
              Sign up
            </button>
          </div>
        </div>
      </div>
    </div>
  </div>
</DocumentFragment>
`;
